#
# A fatal error has been detected by the Java Runtime Environment:
#
#  EXCEPTION_ACCESS_VIOLATION (0xc0000005) at pc=0x0000000180007180, pid=9272, tid=0x000000000000292c
#
# JRE version: Java(TM) SE Runtime Environment (8.0_202-b08) (build 1.8.0_202-b08)
# Java VM: Java HotSpot(TM) 64-Bit Server VM (25.202-b08 mixed mode windows-amd64 compressed oops)
# Problematic frame:
# C  [rxtxSerial.dll+0x7180]
#
# Failed to write core dump. Minidumps are not enabled by default on client versions of Windows
#
# If you would like to submit a bug report, please visit:
#   http://bugreport.java.com/bugreport/crash.jsp
# The crash happened outside the Java Virtual Machine in native code.
# See problematic frame for where to report the bug.
#

---------------  T H R E A D  ---------------

Current thread (0x000000001c8f3000):  JavaThread "oioEventLoopGroup-3-1" [_thread_in_native, id=10540, stack(0x000000001c480000,0x000000001c580000)]

siginfo: ExceptionCode=0xc0000005, reading address 0x00000000000000f8

Registers:
RAX=0x0000000000000002, RBX=0x0000000002eb1030, RCX=0x0000000000000001, RDX=0x0000000000000000
RSP=0x000000001c57e4f0, RBP=0x000000001c57e760, RSI=0x000000001b8fa019, RDI=0x0000000000000000
R8 =0x0000000000000000, R9 =0x0000000000000000, R10=0x0000000000000000, R11=0x0000000000000002
R12=0x000000001c57e768, R13=0x000000001ddf1620, R14=0x000000001c57e768, R15=0x000000001c8f3000
RIP=0x0000000180007180, EFLAGS=0x0000000000010202

Top of Stack: (sp=0x000000001c57e4f0)
0x000000001c57e4f0:   0000000002eb1030 000000001b8fa010
0x000000001c57e500:   000000001c8f3000 0000000000000009
0x000000001c57e510:   000000001b8fa010 0000000180009564
0x000000001c57e520:   000000001c8f31f8 0000000000000106
0x000000001c57e530:   000000001ddf1620 000000001c57e768
0x000000001c57e540:   000000001b928cf0 000000001b8fa010
0x000000001c57e550:   000000001c57e760 000000018000a2ae
0x000000001c57e560:   0000000000000008 000000001ddf1620
0x000000001c57e570:   000000001c8f31f8 0000000000000000
0x000000001c57e580:   000000001c8f3000 0000000000000000
0x000000001c57e590:   0000b8d0e2e5ca1f 000000007fffffdc
0x000000001c57e5a0:   000000001c57e630 0000000000000042
0x000000001c57e5b0:   000000001c8f31f8 0000000000000000
0x000000001c57e5c0:   000000001b8fa010 000000018000213d
0x000000001c57e5d0:   000000001c57e760 000000018001c0b0
0x000000001c57e5e0:   0000000000000000 0000000180000000 

Instructions: (pc=0x0000000180007180)
0x0000000180007160:   89 83 00 01 00 00 48 89 1d 63 85 01 00 48 8b c3
0x0000000180007170:   48 8b 5c 24 30 48 8b 74 24 38 48 83 c4 20 5f c3
0x0000000180007180:   39 87 f8 00 00 00 7d 20 0f 1f 84 00 00 00 00 00
0x0000000180007190:   48 8b 87 00 01 00 00 48 85 c0 74 0c 44 39 98 f8 


Register to memory mapping:

RAX=0x0000000000000002 is an unknown value
RBX=0x0000000002eb1030 is an unknown value
RCX=0x0000000000000001 is an unknown value
RDX=0x0000000000000000 is an unknown value
RSP=0x000000001c57e4f0 is pointing into the stack for thread: 0x000000001c8f3000
RBP=0x000000001c57e760 is pointing into the stack for thread: 0x000000001c8f3000
RSI=0x000000001b8fa019 is an unknown value
RDI=0x0000000000000000 is an unknown value
R8 =0x0000000000000000 is an unknown value
R9 =0x0000000000000000 is an unknown value
R10=0x0000000000000000 is an unknown value
R11=0x0000000000000002 is an unknown value
R12=0x000000001c57e768 is pointing into the stack for thread: 0x000000001c8f3000
R13=0x000000001ddf1620 is pointing into metadata
R14=0x000000001c57e768 is pointing into the stack for thread: 0x000000001c8f3000
R15=0x000000001c8f3000 is a thread


Stack: [0x000000001c480000,0x000000001c580000],  sp=0x000000001c57e4f0,  free space=1017k
Native frames: (J=compiled Java code, j=interpreted, Vv=VM code, C=native code)
C  [rxtxSerial.dll+0x7180]
C  [rxtxSerial.dll+0x9564]
C  [rxtxSerial.dll+0x213d]
C  0x00000000030397db

Java frames: (J=compiled Java code, j=interpreted, Vv=VM code)
j  gnu.io.RXTXPort.open(Ljava/lang/String;)I+0
j  gnu.io.RXTXPort.<init>(Ljava/lang/String;)V+125
j  gnu.io.RXTXCommDriver.getCommPort(Ljava/lang/String;I)Lgnu/io/CommPort;+78
j  gnu.io.CommPortIdentifier.open(Ljava/lang/String;I)Lgnu/io/CommPort;+210
j  io.netty.channel.rxtx.RxtxChannel.doConnect(Ljava/net/SocketAddress;Ljava/net/SocketAddress;)V+26
j  io.netty.channel.rxtx.RxtxChannel$RxtxUnsafe.connect(Ljava/net/SocketAddress;Ljava/net/SocketAddress;Lio/netty/channel/ChannelPromise;)V+33
j  io.netty.channel.DefaultChannelPipeline$HeadContext.connect(Lio/netty/channel/ChannelHandlerContext;Ljava/net/SocketAddress;Ljava/net/SocketAddress;Lio/netty/channel/ChannelPromise;)V+8
j  io.netty.channel.AbstractChannelHandlerContext.invokeConnect(Ljava/net/SocketAddress;Ljava/net/SocketAddress;Lio/netty/channel/ChannelPromise;)V+35
j  io.netty.channel.AbstractChannelHandlerContext.connect(Ljava/net/SocketAddress;Ljava/net/SocketAddress;Lio/netty/channel/ChannelPromise;)Lio/netty/channel/ChannelFuture;+49
j  io.netty.handler.logging.LoggingHandler.connect(Lio/netty/channel/ChannelHandlerContext;Ljava/net/SocketAddress;Ljava/net/SocketAddress;Lio/netty/channel/ChannelPromise;)V+43
j  io.netty.channel.AbstractChannelHandlerContext.invokeConnect(Ljava/net/SocketAddress;Ljava/net/SocketAddress;Lio/netty/channel/ChannelPromise;)V+58
j  io.netty.channel.AbstractChannelHandlerContext.connect(Ljava/net/SocketAddress;Ljava/net/SocketAddress;Lio/netty/channel/ChannelPromise;)Lio/netty/channel/ChannelFuture;+49
j  io.netty.channel.AbstractChannelHandlerContext.connect(Ljava/net/SocketAddress;Lio/netty/channel/ChannelPromise;)Lio/netty/channel/ChannelFuture;+4
j  io.netty.channel.DefaultChannelPipeline.connect(Ljava/net/SocketAddress;Lio/netty/channel/ChannelPromise;)Lio/netty/channel/ChannelFuture;+6
j  io.netty.channel.AbstractChannel.connect(Ljava/net/SocketAddress;Lio/netty/channel/ChannelPromise;)Lio/netty/channel/ChannelFuture;+6
j  io.netty.bootstrap.Bootstrap$3.run()V+19
j  io.netty.channel.ThreadPerChannelEventLoop.run()V+10
j  io.netty.util.concurrent.SingleThreadEventExecutor$4.run()V+44
j  io.netty.util.internal.ThreadExecutorMap$2.run()V+11
j  io.netty.util.concurrent.FastThreadLocalRunnable.run()V+4
j  java.lang.Thread.run()V+11
v  ~StubRoutines::call_stub

---------------  P R O C E S S  ---------------

Java Threads: ( => current thread )
  0x000000001c91b800 JavaThread "Thread-7" [_thread_in_native, id=5068, stack(0x000000001e050000,0x000000001e150000)]
  0x000000001c8f4000 JavaThread "oioEventLoopGroup-2-1" [_thread_in_native, id=10688, stack(0x000000001df50000,0x000000001e050000)]
=>0x000000001c8f3000 JavaThread "oioEventLoopGroup-3-1" [_thread_in_native, id=10540, stack(0x000000001c480000,0x000000001c580000)]
  0x0000000002f26800 JavaThread "DestroyJavaVM" [_thread_blocked, id=7196, stack(0x0000000002c80000,0x0000000002d80000)]
  0x000000001aab4000 JavaThread "Thread-6" [_thread_blocked, id=10684, stack(0x000000001dc50000,0x000000001dd50000)]
  0x000000001aab3000 JavaThread "Thread-5" [_thread_blocked, id=7828, stack(0x000000001db50000,0x000000001dc50000)]
  0x000000001b8e8800 JavaThread "RMI Scheduler(0)" daemon [_thread_blocked, id=5840, stack(0x000000001c180000,0x000000001c280000)]
  0x000000001b8dc800 JavaThread "RMI TCP Connection(1)-192.168.31.194" daemon [_thread_in_native, id=8952, stack(0x000000001c080000,0x000000001c180000)]
  0x000000001b4b8800 JavaThread "RMI TCP Accept-0" daemon [_thread_in_native, id=3312, stack(0x000000001ba80000,0x000000001bb80000)]
  0x000000001ab68800 JavaThread "Service Thread" daemon [_thread_blocked, id=12240, stack(0x000000001b180000,0x000000001b280000)]
  0x000000001aae4800 JavaThread "C1 CompilerThread2" daemon [_thread_blocked, id=8396, stack(0x000000001b080000,0x000000001b180000)]
  0x000000001aae2800 JavaThread "C2 CompilerThread1" daemon [_thread_blocked, id=5416, stack(0x000000001af80000,0x000000001b080000)]
  0x000000001aae1800 JavaThread "C2 CompilerThread0" daemon [_thread_blocked, id=9356, stack(0x000000001ae80000,0x000000001af80000)]
  0x000000001aadc800 JavaThread "Monitor Ctrl-Break" daemon [_thread_in_native, id=9524, stack(0x000000001ad80000,0x000000001ae80000)]
  0x000000001a7c3800 JavaThread "Attach Listener" daemon [_thread_blocked, id=11024, stack(0x000000001ac80000,0x000000001ad80000)]
  0x0000000019434800 JavaThread "Signal Dispatcher" daemon [_thread_blocked, id=11268, stack(0x000000001ab80000,0x000000001ac80000)]
  0x000000000301a000 JavaThread "Finalizer" daemon [_thread_blocked, id=4380, stack(0x000000001a680000,0x000000001a780000)]
  0x000000001940a000 JavaThread "Reference Handler" daemon [_thread_blocked, id=10504, stack(0x000000001a580000,0x000000001a680000)]

Other Threads:
  0x00000000193e7800 VMThread [stack: 0x000000001a480000,0x000000001a580000] [id=11208]
  0x000000001b4bf800 WatcherThread [stack: 0x000000001bb80000,0x000000001bc80000] [id=8608]

VM state:not at safepoint (normal execution)

VM Mutex/Monitor currently owned by a thread: None

heap address: 0x0000000717200000, size: 2702 MB, Compressed Oops mode: Zero based, Oop shift amount: 3
Narrow klass base: 0x0000000000000000, Narrow klass shift: 3
Compressed class space size: 1073741824 Address: 0x00000007c0000000

Heap:
 PSYoungGen      total 50688K, used 42342K [0x0000000787b80000, 0x000000078de80000, 0x00000007c0000000)
  eden space 43520K, 97% used [0x0000000787b80000,0x000000078a4d9a80,0x000000078a600000)
  from space 7168K, 0% used [0x000000078a600000,0x000000078a600000,0x000000078ad00000)
  to   space 7168K, 0% used [0x000000078d780000,0x000000078d780000,0x000000078de80000)
 ParOldGen       total 73216K, used 8460K [0x0000000717200000, 0x000000071b980000, 0x0000000787b80000)
  object space 73216K, 11% used [0x0000000717200000,0x0000000717a433a0,0x000000071b980000)
 Metaspace       used 23864K, capacity 25112K, committed 25216K, reserved 1071104K
  class space    used 3344K, capacity 3628K, committed 3712K, reserved 1048576K

Card table byte_map: [0x00000000123e0000,0x0000000012930000] byte_map_base: 0x000000000eb27000

Marking Bits: (ParMarkBitMap*) 0x00000000527f5ce0
 Begin Bits: [0x00000000130c0000, 0x0000000015af8000)
 End Bits:   [0x0000000015af8000, 0x0000000018530000)

Polling page: 0x0000000000e10000

CodeCache: size=245760Kb used=4508Kb max_used=4508Kb free=241251Kb
 bounds [0x0000000003020000, 0x0000000003490000, 0x0000000012020000]
 total_blobs=2627 nmethods=2193 adapters=346
 compilation: enabled

Compilation events (10 events):
Event: 2.090 Thread 0x000000001aae4800 2187       1       java.io.ByteArrayOutputStream::<init> (7 bytes)
Event: 2.091 Thread 0x000000001aae4800 nmethod 2187 0x0000000003484210 code [0x0000000003484360, 0x0000000003484488]
Event: 2.099 Thread 0x000000001aae4800 2188       1       java.security.CodeSource::matchCerts (254 bytes)
Event: 2.099 Thread 0x000000001aae4800 nmethod 2188 0x0000000003484710 code [0x00000000034848c0, 0x0000000003484d78]
Event: 2.100 Thread 0x000000001aae4800 2189       1       java.lang.ClassLoader::compareCerts (149 bytes)
Event: 2.100 Thread 0x000000001aae4800 nmethod 2189 0x00000000034851d0 code [0x0000000003485360, 0x00000000034856b8]
Event: 2.119 Thread 0x000000001aae4800 2190       1       java.lang.String::regionMatches (91 bytes)
Event: 2.119 Thread 0x000000001aae4800 nmethod 2190 0x0000000003485c50 code [0x0000000003485dc0, 0x0000000003485fb0]
Event: 2.120 Thread 0x000000001aae4800 2192       1       java.nio.Buffer::flip (20 bytes)
Event: 2.120 Thread 0x000000001aae4800 nmethod 2192 0x0000000003486110 code [0x0000000003486260, 0x0000000003486390]

GC Heap History (8 events):
Event: 1.178 GC heap before
{Heap before GC invocations=1 (full 0):
 PSYoungGen      total 50688K, used 43520K [0x0000000787b80000, 0x000000078b400000, 0x00000007c0000000)
  eden space 43520K, 100% used [0x0000000787b80000,0x000000078a600000,0x000000078a600000)
  from space 7168K, 0% used [0x000000078ad00000,0x000000078ad00000,0x000000078b400000)
  to   space 7168K, 0% used [0x000000078a600000,0x000000078a600000,0x000000078ad00000)
 ParOldGen       total 116224K, used 0K [0x0000000717200000, 0x000000071e380000, 0x0000000787b80000)
  object space 116224K, 0% used [0x0000000717200000,0x0000000717200000,0x000000071e380000)
 Metaspace       used 12928K, capacity 13468K, committed 13568K, reserved 1060864K
  class space    used 1642K, capacity 1764K, committed 1792K, reserved 1048576K
Event: 1.185 GC heap after
Heap after GC invocations=1 (full 0):
 PSYoungGen      total 50688K, used 6674K [0x0000000787b80000, 0x000000078b400000, 0x00000007c0000000)
  eden space 43520K, 0% used [0x0000000787b80000,0x0000000787b80000,0x000000078a600000)
  from space 7168K, 93% used [0x000000078a600000,0x000000078ac84858,0x000000078ad00000)
  to   space 7168K, 0% used [0x000000078ad00000,0x000000078ad00000,0x000000078b400000)
 ParOldGen       total 116224K, used 16K [0x0000000717200000, 0x000000071e380000, 0x0000000787b80000)
  object space 116224K, 0% used [0x0000000717200000,0x0000000717204000,0x000000071e380000)
 Metaspace       used 12928K, capacity 13468K, committed 13568K, reserved 1060864K
  class space    used 1642K, capacity 1764K, committed 1792K, reserved 1048576K
}
Event: 1.423 GC heap before
{Heap before GC invocations=2 (full 0):
 PSYoungGen      total 50688K, used 50194K [0x0000000787b80000, 0x000000078b400000, 0x00000007c0000000)
  eden space 43520K, 100% used [0x0000000787b80000,0x000000078a600000,0x000000078a600000)
  from space 7168K, 93% used [0x000000078a600000,0x000000078ac84858,0x000000078ad00000)
  to   space 7168K, 0% used [0x000000078ad00000,0x000000078ad00000,0x000000078b400000)
 ParOldGen       total 116224K, used 16K [0x0000000717200000, 0x000000071e380000, 0x0000000787b80000)
  object space 116224K, 0% used [0x0000000717200000,0x0000000717204000,0x000000071e380000)
 Metaspace       used 17713K, capacity 18570K, committed 18816K, reserved 1064960K
  class space    used 2365K, capacity 2563K, committed 2688K, reserved 1048576K
Event: 1.432 GC heap after
Heap after GC invocations=2 (full 0):
 PSYoungGen      total 50688K, used 7140K [0x0000000787b80000, 0x000000078de80000, 0x00000007c0000000)
  eden space 43520K, 0% used [0x0000000787b80000,0x0000000787b80000,0x000000078a600000)
  from space 7168K, 99% used [0x000000078ad00000,0x000000078b3f9160,0x000000078b400000)
  to   space 7168K, 0% used [0x000000078a600000,0x000000078a600000,0x000000078ad00000)
 ParOldGen       total 116224K, used 1166K [0x0000000717200000, 0x000000071e380000, 0x0000000787b80000)
  object space 116224K, 1% used [0x0000000717200000,0x0000000717323a60,0x000000071e380000)
 Metaspace       used 17713K, capacity 18570K, committed 18816K, reserved 1064960K
  class space    used 2365K, capacity 2563K, committed 2688K, reserved 1048576K
}
Event: 1.720 GC heap before
{Heap before GC invocations=3 (full 0):
 PSYoungGen      total 50688K, used 47785K [0x0000000787b80000, 0x000000078de80000, 0x00000007c0000000)
  eden space 43520K, 93% used [0x0000000787b80000,0x000000078a331578,0x000000078a600000)
  from space 7168K, 99% used [0x000000078ad00000,0x000000078b3f9160,0x000000078b400000)
  to   space 7168K, 0% used [0x000000078a600000,0x000000078a600000,0x000000078ad00000)
 ParOldGen       total 116224K, used 1166K [0x0000000717200000, 0x000000071e380000, 0x0000000787b80000)
  object space 116224K, 1% used [0x0000000717200000,0x0000000717323a60,0x000000071e380000)
 Metaspace       used 20158K, capacity 21176K, committed 21248K, reserved 1067008K
  class space    used 2792K, capacity 3016K, committed 3072K, reserved 1048576K
Event: 1.727 GC heap after
Heap after GC invocations=3 (full 0):
 PSYoungGen      total 50688K, used 7164K [0x0000000787b80000, 0x000000078de80000, 0x00000007c0000000)
  eden space 43520K, 0% used [0x0000000787b80000,0x0000000787b80000,0x000000078a600000)
  from space 7168K, 99% used [0x000000078a600000,0x000000078acff240,0x000000078ad00000)
  to   space 7168K, 0% used [0x000000078d780000,0x000000078d780000,0x000000078de80000)
 ParOldGen       total 116224K, used 2708K [0x0000000717200000, 0x000000071e380000, 0x0000000787b80000)
  object space 116224K, 2% used [0x0000000717200000,0x00000007174a50b8,0x000000071e380000)
 Metaspace       used 20158K, capacity 21176K, committed 21248K, reserved 1067008K
  class space    used 2792K, capacity 3016K, committed 3072K, reserved 1048576K
}
Event: 1.727 GC heap before
{Heap before GC invocations=4 (full 1):
 PSYoungGen      total 50688K, used 7164K [0x0000000787b80000, 0x000000078de80000, 0x00000007c0000000)
  eden space 43520K, 0% used [0x0000000787b80000,0x0000000787b80000,0x000000078a600000)
  from space 7168K, 99% used [0x000000078a600000,0x000000078acff240,0x000000078ad00000)
  to   space 7168K, 0% used [0x000000078d780000,0x000000078d780000,0x000000078de80000)
 ParOldGen       total 116224K, used 2708K [0x0000000717200000, 0x000000071e380000, 0x0000000787b80000)
  object space 116224K, 2% used [0x0000000717200000,0x00000007174a50b8,0x000000071e380000)
 Metaspace       used 20158K, capacity 21176K, committed 21248K, reserved 1067008K
  class space    used 2792K, capacity 3016K, committed 3072K, reserved 1048576K
Event: 1.754 GC heap after
Heap after GC invocations=4 (full 1):
 PSYoungGen      total 50688K, used 0K [0x0000000787b80000, 0x000000078de80000, 0x00000007c0000000)
  eden space 43520K, 0% used [0x0000000787b80000,0x0000000787b80000,0x000000078a600000)
  from space 7168K, 0% used [0x000000078a600000,0x000000078a600000,0x000000078ad00000)
  to   space 7168K, 0% used [0x000000078d780000,0x000000078d780000,0x000000078de80000)
 ParOldGen       total 73216K, used 8460K [0x0000000717200000, 0x000000071b980000, 0x0000000787b80000)
  object space 73216K, 11% used [0x0000000717200000,0x0000000717a433a0,0x000000071b980000)
 Metaspace       used 20158K, capacity 21176K, committed 21248K, reserved 1067008K
  class space    used 2792K, capacity 3016K, committed 3072K, reserved 1048576K
}

Deoptimization events (0 events):
No events

Classes redefined (0 events):
No events

Internal exceptions (10 events):
Event: 1.966 Thread 0x0000000002f26800 Exception <a 'java/lang/ArrayIndexOutOfBoundsException'> (0x0000000789463678) thrown at [C:\re\workspace\8-2-build-windows-amd64-cygwin\jdk8u202\12323\hotspot\src\share\vm\runtime\sharedRuntime.cpp, line 605]
Event: 1.967 Thread 0x0000000002f26800 Exception <a 'java/lang/ArrayIndexOutOfBoundsException'> (0x000000078946cb18) thrown at [C:\re\workspace\8-2-build-windows-amd64-cygwin\jdk8u202\12323\hotspot\src\share\vm\runtime\sharedRuntime.cpp, line 605]
Event: 1.967 Thread 0x0000000002f26800 Exception <a 'java/lang/ArrayIndexOutOfBoundsException'> (0x000000078946df30) thrown at [C:\re\workspace\8-2-build-windows-amd64-cygwin\jdk8u202\12323\hotspot\src\share\vm\runtime\sharedRuntime.cpp, line 605]
Event: 1.968 Thread 0x0000000002f26800 Exception <a 'java/lang/ArrayIndexOutOfBoundsException'> (0x000000078947f010) thrown at [C:\re\workspace\8-2-build-windows-amd64-cygwin\jdk8u202\12323\hotspot\src\share\vm\runtime\sharedRuntime.cpp, line 605]
Event: 2.103 Thread 0x000000001c8f4000 Exception <a 'java/lang/ArrayIndexOutOfBoundsException'> (0x0000000789ba0e20) thrown at [C:\re\workspace\8-2-build-windows-amd64-cygwin\jdk8u202\12323\hotspot\src\share\vm\runtime\sharedRuntime.cpp, line 605]
Event: 2.103 Thread 0x000000001c8f3000 Exception <a 'java/lang/ArrayIndexOutOfBoundsException'> (0x0000000789b2fc60) thrown at [C:\re\workspace\8-2-build-windows-amd64-cygwin\jdk8u202\12323\hotspot\src\share\vm\runtime\sharedRuntime.cpp, line 605]
Event: 2.103 Thread 0x000000001c8f4000 Exception <a 'java/lang/ArrayIndexOutOfBoundsException'> (0x0000000789ba1d10) thrown at [C:\re\workspace\8-2-build-windows-amd64-cygwin\jdk8u202\12323\hotspot\src\share\vm\runtime\sharedRuntime.cpp, line 605]
Event: 2.103 Thread 0x000000001c8f3000 Exception <a 'java/lang/ArrayIndexOutOfBoundsException'> (0x0000000789b30b50) thrown at [C:\re\workspace\8-2-build-windows-amd64-cygwin\jdk8u202\12323\hotspot\src\share\vm\runtime\sharedRuntime.cpp, line 605]
Event: 2.114 Thread 0x000000001c8f3000 Exception <a 'java/io/FileNotFoundException'> (0x0000000789b55608) thrown at [C:\re\workspace\8-2-build-windows-amd64-cygwin\jdk8u202\12323\hotspot\src\share\vm\prims\jni.cpp, line 710]
Event: 2.119 Thread 0x000000001c8f3000 Exception <a 'java/io/FileNotFoundException'> (0x0000000789b6bf78) thrown at [C:\re\workspace\8-2-build-windows-amd64-cygwin\jdk8u202\12323\hotspot\src\share\vm\prims\jni.cpp, line 710]

Events (10 events):
Event: 2.121 loading class gnu/io/SerialPort
Event: 2.121 loading class gnu/io/SerialPort done
Event: 2.122 loading class gnu/io/CommPort
Event: 2.122 loading class gnu/io/CommPort done
Event: 2.122 loading class gnu/io/Zystem
Event: 2.122 loading class gnu/io/Zystem done
Event: 2.123 loading class gnu/io/RXTXPort$SerialOutputStream
Event: 2.123 loading class gnu/io/RXTXPort$SerialOutputStream done
Event: 2.123 loading class gnu/io/RXTXPort$SerialInputStream
Event: 2.123 loading class gnu/io/RXTXPort$SerialInputStream done


Dynamic libraries:
0x00007ff7b22f0000 - 0x00007ff7b2327000 	C:\opt\jdk1.8\bin\java.exe
0x00007ffb32fe0000 - 0x00007ffb33240000 	C:\WINDOWS\SYSTEM32\ntdll.dll
0x00007ffb321f0000 - 0x00007ffb322b7000 	C:\WINDOWS\System32\KERNEL32.DLL
0x00007ffb30750000 - 0x00007ffb30b1a000 	C:\WINDOWS\System32\KERNELBASE.dll
0x00007ffb322c0000 - 0x00007ffb32372000 	C:\WINDOWS\System32\ADVAPI32.dll
0x00007ffb32e50000 - 0x00007ffb32ef9000 	C:\WINDOWS\System32\msvcrt.dll
0x00007ffb323b0000 - 0x00007ffb32456000 	C:\WINDOWS\System32\sechost.dll
0x00007ffb31ec0000 - 0x00007ffb31fd6000 	C:\WINDOWS\System32\RPCRT4.dll
0x00007ffb32530000 - 0x00007ffb326fc000 	C:\WINDOWS\System32\USER32.dll
0x00007ffb30680000 - 0x00007ffb306a7000 	C:\WINDOWS\System32\win32u.dll
0x00007ffb32380000 - 0x00007ffb323aa000 	C:\WINDOWS\System32\GDI32.dll
0x00007ffb30b20000 - 0x00007ffb30c51000 	C:\WINDOWS\System32\gdi32full.dll
0x00007ffb305d0000 - 0x00007ffb30673000 	C:\WINDOWS\System32\msvcp_win.dll
0x00007ffb30250000 - 0x00007ffb3039b000 	C:\WINDOWS\System32\ucrtbase.dll
0x00007ffb18b40000 - 0x00007ffb18dd7000 	C:\WINDOWS\WinSxS\amd64_microsoft.windows.common-controls_6595b64144ccf1df_6.0.26100.3624_none_3e086962e3345f24\COMCTL32.dll
0x00007ffb32f00000 - 0x00007ffb32f2f000 	C:\WINDOWS\System32\IMM32.DLL
0x0000000052880000 - 0x0000000052952000 	C:\opt\jdk1.8\jre\bin\msvcr100.dll
0x0000000051fd0000 - 0x0000000052875000 	C:\opt\jdk1.8\jre\bin\server\jvm.dll
0x00007ffb32e40000 - 0x00007ffb32e48000 	C:\WINDOWS\System32\PSAPI.DLL
0x00007ffb24d00000 - 0x00007ffb24d36000 	C:\WINDOWS\SYSTEM32\WINMM.dll
0x00007ffb22b80000 - 0x00007ffb22b8a000 	C:\WINDOWS\SYSTEM32\WSOCK32.dll
0x00007ffb32af0000 - 0x00007ffb32b64000 	C:\WINDOWS\System32\WS2_32.dll
0x00007ffb25b30000 - 0x00007ffb25b3b000 	C:\WINDOWS\SYSTEM32\VERSION.dll
0x00007ffb2d090000 - 0x00007ffb2d09f000 	C:\opt\jdk1.8\jre\bin\verify.dll
0x00007ffb2d060000 - 0x00007ffb2d089000 	C:\opt\jdk1.8\jre\bin\java.dll
0x00007ffb1f4f0000 - 0x00007ffb1f513000 	C:\opt\jdk1.8\jre\bin\instrument.dll
0x00007ffb2d040000 - 0x00007ffb2d056000 	C:\opt\jdk1.8\jre\bin\zip.dll
0x00007ffb30ec0000 - 0x00007ffb315e9000 	C:\WINDOWS\System32\SHELL32.dll
0x00007ffb303a0000 - 0x00007ffb30508000 	C:\WINDOWS\System32\wintypes.dll
0x00007ffb32760000 - 0x00007ffb32ae2000 	C:\WINDOWS\System32\combase.dll
0x00007ffb2dea0000 - 0x00007ffb2e6f2000 	C:\WINDOWS\SYSTEM32\windows.storage.dll
0x00007ffb32d50000 - 0x00007ffb32e3d000 	C:\WINDOWS\System32\SHCORE.dll
0x00007ffb31fe0000 - 0x00007ffb32044000 	C:\WINDOWS\System32\shlwapi.dll
0x00007ffb300a0000 - 0x00007ffb300cf000 	C:\WINDOWS\SYSTEM32\profapi.dll
0x00007ffb20150000 - 0x00007ffb2016a000 	C:\opt\IntelliJ IDEA 2023.3.6\bin\breakgen64.dll
0x00007ffb2cfa0000 - 0x00007ffb2cfba000 	C:\opt\jdk1.8\jre\bin\net.dll
0x00007ffb226e0000 - 0x00007ffb228bc000 	C:\WINDOWS\SYSTEM32\urlmon.dll
0x00007ffb22370000 - 0x00007ffb2263b000 	C:\WINDOWS\SYSTEM32\iertutil.dll
0x00007ffb222f0000 - 0x00007ffb22319000 	C:\WINDOWS\SYSTEM32\srvcli.dll
0x00007ffb2e9f0000 - 0x00007ffb2e9fd000 	C:\WINDOWS\SYSTEM32\netutils.dll
0x00007ffb2f4f0000 - 0x00007ffb2f55a000 	C:\WINDOWS\system32\mswsock.dll
0x00007ffb2ea40000 - 0x00007ffb2eb65000 	C:\WINDOWS\SYSTEM32\DNSAPI.dll
0x00007ffb2ea00000 - 0x00007ffb2ea33000 	C:\WINDOWS\SYSTEM32\IPHLPAPI.DLL
0x00007ffb32700000 - 0x00007ffb3270a000 	C:\WINDOWS\System32\NSI.dll
0x00007ffb28920000 - 0x00007ffb2892b000 	C:\Windows\System32\rasadhlp.dll
0x00007ffb28a50000 - 0x00007ffb28ad5000 	C:\WINDOWS\System32\fwpuclnt.dll
0x00007ffb276e0000 - 0x00007ffb276ed000 	C:\opt\jdk1.8\jre\bin\management.dll
0x00007ffb2cf80000 - 0x00007ffb2cf92000 	C:\opt\jdk1.8\jre\bin\nio.dll
0x00007ffb2f7a0000 - 0x00007ffb2f7bc000 	C:\WINDOWS\SYSTEM32\CRYPTSP.dll
0x00007ffb2ef30000 - 0x00007ffb2ef6a000 	C:\WINDOWS\system32\rsaenh.dll
0x00007ffb2f590000 - 0x00007ffb2f5bb000 	C:\WINDOWS\SYSTEM32\USERENV.dll
0x00007ffb300e0000 - 0x00007ffb30106000 	C:\WINDOWS\SYSTEM32\bcrypt.dll
0x00007ffb306b0000 - 0x00007ffb30749000 	C:\WINDOWS\System32\bcryptprimitives.dll
0x00007ffb2f790000 - 0x00007ffb2f79c000 	C:\WINDOWS\SYSTEM32\CRYPTBASE.dll
0x00007ffb2a030000 - 0x00007ffb2a04f000 	C:\WINDOWS\SYSTEM32\dhcpcsvc6.DLL
0x00007ffb29d20000 - 0x00007ffb29d45000 	C:\WINDOWS\SYSTEM32\dhcpcsvc.DLL
0x00007ffb29be0000 - 0x00007ffb29bf8000 	C:\WINDOWS\system32\napinsp.dll
0x00007ffb28f40000 - 0x00007ffb28f52000 	C:\WINDOWS\System32\winrnr.dll
0x00007ffb013d0000 - 0x00007ffb01400000 	C:\WINDOWS\system32\nlansp_c.dll
0x00007ffb122b0000 - 0x00007ffb122c6000 	C:\WINDOWS\system32\wshbth.dll
0x0000000180000000 - 0x0000000180025000 	C:\opt\jdk1.8\bin\rxtxSerial.dll
0x00007ffb24440000 - 0x00007ffb24681000 	C:\WINDOWS\SYSTEM32\dbghelp.dll
0x00007ffb30de0000 - 0x00007ffb30eb6000 	C:\WINDOWS\System32\OLEAUT32.dll

VM Arguments:
jvm_args: -XX:TieredStopAtLevel=1 -Xverify:none -Dspring.output.ansi.enabled=always -Dcom.sun.management.jmxremote -Dspring.jmx.enabled=true -Dspring.liveBeansView.mbeanDomain -Dspring.application.admin.enabled=true -Dmanagement.endpoints.jmx.exposure.include=* -javaagent:C:\opt\IntelliJ IDEA 2023.3.6\lib\idea_rt.jar=51181:C:\opt\IntelliJ IDEA 2023.3.6\bin -Dfile.encoding=UTF-8 
java_command: com.uav.telem.communication.TelemCommunicationApplication
java_class_path (initial): C:\opt\jdk1.8\jre\lib\charsets.jar;C:\opt\jdk1.8\jre\lib\deploy.jar;C:\opt\jdk1.8\jre\lib\ext\access-bridge-64.jar;C:\opt\jdk1.8\jre\lib\ext\cldrdata.jar;C:\opt\jdk1.8\jre\lib\ext\dnsns.jar;C:\opt\jdk1.8\jre\lib\ext\jaccess.jar;C:\opt\jdk1.8\jre\lib\ext\jfxrt.jar;C:\opt\jdk1.8\jre\lib\ext\localedata.jar;C:\opt\jdk1.8\jre\lib\ext\nashorn.jar;C:\opt\jdk1.8\jre\lib\ext\sunec.jar;C:\opt\jdk1.8\jre\lib\ext\sunjce_provider.jar;C:\opt\jdk1.8\jre\lib\ext\sunmscapi.jar;C:\opt\jdk1.8\jre\lib\ext\sunpkcs11.jar;C:\opt\jdk1.8\jre\lib\ext\zipfs.jar;C:\opt\jdk1.8\jre\lib\javaws.jar;C:\opt\jdk1.8\jre\lib\jce.jar;C:\opt\jdk1.8\jre\lib\jfr.jar;C:\opt\jdk1.8\jre\lib\jfxswt.jar;C:\opt\jdk1.8\jre\lib\jsse.jar;C:\opt\jdk1.8\jre\lib\management-agent.jar;C:\opt\jdk1.8\jre\lib\plugin.jar;C:\opt\jdk1.8\jre\lib\resources.jar;C:\opt\jdk1.8\jre\lib\rt.jar;C:\workspace\uav-link\telem-communication\target\classes;C:\Users\woeil\.m2\repository\org\springframework\boot\spring-boot-starter\2.7.18\spring-boot-starter-2.7.18.jar;C:\Users\woeil\.m2\repository\org\springframework\boot\spring-boot\2.7.18\spring-boot-2.7.18.jar;C:\Users\woeil\.m2\repository\org\springframework\spring-context\5.3.31\spring-context-5.3.31.jar;C:\Users\woeil\.m2\repository\org\springframework\spring-aop\5.3.31\spring-aop-5.3.31.jar;C:\Users\woeil\.m2\repository\org\springframework\spring-beans\5.3.31\spring-beans-5.3.31.jar;C:\Users\woeil\.m2\repository\org\springframework\spring-expression\5.3.31\spring-expression-5.3.31.jar;C:\Users\woeil\.m2\repository\org\springframework\boot\spring-boot-autoconfigure\2.7.18\spring-boot-autoconfigure-2.7.18.jar;C:\Users\woeil\.m2\repository\org\springframework\boot\spring-boot-starter-logging\2.7.18\spring-boot-starter-logging-2.7.18.jar;C:\Users\woeil\.m2\repository\ch\qos\logback\logback-classic\1.2.12\logback-classic-1.2.12.jar;C:\Users\woeil\.m2\repository\ch\qos\logback\logback-core\1.2.12\logback-core-1.2.12.jar;C:\Users\woeil\.m2\repository\org\apache\
Launcher Type: SUN_STANDARD

Environment Variables:
JAVA_HOME=C:\opt\jdk1.8
CLASSPATH=.;C:\opt\jdk1.8\lib\dt.jar;C:\opt\jdk1.8\lib\tools.jar
PATH=C:\Program Files (x86)\Common Files\Oracle\Java\javapath;C:\WINDOWS\system32;C:\WINDOWS;C:\WINDOWS\System32\Wbem;C:\WINDOWS\System32\WindowsPowerShell\v1.0\;C:\WINDOWS\System32\OpenSSH\;C:\opt\jdk1.8\bin;C:\opt\apache-maven-3.9.9\bin;C:\Users\woeil\AppData\Local\Microsoft\WindowsApps;
USERNAME=woeil
OS=Windows_NT
PROCESSOR_IDENTIFIER=Intel64 Family 6 Model 60 Stepping 3, GenuineIntel



---------------  S Y S T E M  ---------------

OS: Windows 10.0 , 64 bit Build 26100 (10.0.26100.3775)

CPU:total 4 (initial active 4) (4 cores per cpu, 1 threads per core) family 6 model 60 stepping 3, cmov, cx8, fxsr, mmx, sse, sse2, sse3, ssse3, sse4.1, sse4.2, popcnt, avx, avx2, aes, clmul, erms, lzcnt, tsc, tscinvbit, bmi1, bmi2

Memory: 4k page, physical 11066420k(4694348k free), swap 11787316k(4939212k free)

vm_info: Java HotSpot(TM) 64-Bit Server VM (25.202-b08) for windows-amd64 JRE (1.8.0_202-b08), built on Dec 15 2018 19:54:30 by "java_re" with MS VC++ 10.0 (VS2010)

time: Tue Apr 29 15:26:46 2025
timezone: 中国标准时间
elapsed time: 2 seconds (0d 0h 0m 2s)

